// Jest Snapshot v1, https://goo.gl/fbAQLP

exports[`rendering 1`] = `
<div>
  <h3>
    Tube(s)
  </h3>
  <TubeStationContainer
    key="12345"
    tubeStation={
      Object {
        "direction": "inbound",
        "lineName": "northern",
        "stationId": "12345",
        "stationName": "Houston",
      }
    }
  />
</div>
`;
