// Jest Snapshot v1, https://goo.gl/fbAQLP

exports[`rendering 1`] = `
<div>
  <h3>
    Direction: 
    Neptune
  </h3>
  <BusStationContainer
    busStation={
      Object {
        "buses": Array [
          "1",
          "2",
        ],
        "direction": "Outter Space",
        "stationId": "12345",
        "stationName": "Houston",
      }
    }
    key="12345"
  />
  <BusStationContainer
    busStation={
      Object {
        "buses": Array [
          "N12",
        ],
        "direction": "Saturne",
        "stationId": "8372hf8",
        "stationName": "Moon",
      }
    }
    key="8372hf8"
  />
</div>
`;
