// Jest Snapshot v1, https://goo.gl/fbAQLP

exports[`routes 1`] = `
<div
  className="commuteRoute"
>
  <h2>
    Via the Moon
  </h2>
  <div
    className="horizontalContainer"
  >
    <StationContainer
      config={
        Object {
          "stationId": "2erwerq",
          "stationName": "River",
          "travelDirection": "Saturne",
          "type": "bus",
        }
      }
      key="2erwerq"
    />
    <StationContainer
      config={
        Object {
          "stationId": "qwerds",
          "stationName": "Sea",
          "travelDirection": "Mars",
          "type": "tube",
        }
      }
      key="qwerds"
    />
  </div>
</div>
`;
