// Jest Snapshot v1, https://goo.gl/fbAQLP

exports[`routes 1`] = `
<div
  className="commuteRoute"
>
  <h2>
    Via the Moon
  </h2>
  <div
    className="horizontalContainer"
  >
    <StationContainer
      config={
        Object {
          "direction": "Saturne",
          "directionId": "outbound",
          "lines": Array [
            "L1",
            "L2",
          ],
          "stationId": "490008430E",
          "stationName": "River",
          "type": "bus",
        }
      }
      key="490008430E"
    />
    <StationContainer
      config={
        Object {
          "direction": "Mars",
          "directionId": "inbound",
          "lines": Array [
            "N1",
          ],
          "stationId": "940GZZLUTBY",
          "stationName": "Sea",
          "type": "tube",
        }
      }
      key="940GZZLUTBY"
    />
  </div>
</div>
`;
